// Jest Snapshot v1, https://goo.gl/fbAQLP

exports[`Snapshot Testing should check the matchers and fail 1`] = `
{
  "createdAt": 2023-11-15T14:03:08.489Z,
  "id": 15,
  "name": "LeBron James",
}
`;

exports[`Snapshot Testing should check the matchers and pass 1`] = `
{
  "createdAt": Any<Date>,
  "id": Any<Number>,
  "name": Any<String>,
}
`;

exports[`Snapshot Testing should make a snap shot of the component 1`] = `
<View
  style={
    {
      "alignItems": "center",
      "flex": 1,
      "justifyContent": "center",
    }
  }
>
  <Text
    style={
      {
        "fontSize": 23,
      }
    }
  >
    Snapshot Testing
  </Text>
</View>
`;
